2026-09-15T03:21:06Z INF Thank you for trying Cloudflare Tunnel. Doing so, without a Cloudflare account, is a quick way to experiment and try it out. However, be aware that these account-less Tunnels have no uptime guarantee, are subject to the Cloudflare Online Services Terms of Use (https://www.cloudflare.com/website-terms/), and Cloudflare reserves the right to investigate your use of Tunnels for violations of such terms. If you intend to use Tunnels in production you should use a pre-created named tunnel by following: https://developers.cloudflare.com/cloudflare-one/connections/connect-apps
2026-09-15T03:21:06Z INF Requesting new quick Tunnel on trycloudflare.com...
2026-09-15T03:21:12Z INF +--------------------------------------------------------------------------------------------+
2026-09-15T03:21:12Z INF |  Your quick Tunnel has been created! Visit it at (it may take some time to be reachable):  |
2026-09-15T03:21:12Z INF |  https://filled-summaries-troy-calling.trycloudflare.com                                   |
2026-09-15T03:21:12Z INF +--------------------------------------------------------------------------------------------+
2026-09-15T03:21:12Z INF Cannot determine default configuration path. No file [config.yml config.yaml] in [~/.cloudflared ~/.cloudflare-warp ~/cloudflare-warp]
2026-09-15T03:21:12Z INF Version 2026.9.1 (Checksum 2837888cc0f5d58f15b6dc478376de90b4d3ba5241c7947455d1e0a0df429712)
2026-09-15T03:21:12Z INF GOOS: windows, GOVersion: go1.26.8, GoArch: amd64
2026-09-15T03:21:12Z INF Settings: map[ha-connections:1 no-autoupdate:true protocol:quic url:http://127.0.0.1:80]
2026-09-15T03:21:12Z INF cloudflared will not automatically update on Windows systems.
2026-09-15T03:21:12Z INF Generated Connector ID: f165c4aa-0806-48fc-a794-abbb61740f4a
2026-09-15T03:21:12Z INF Initial protocol quic
2026-09-15T03:21:12Z INF ICMP proxy will use 10.49.211.220 as source for IPv4
2026-09-15T03:21:12Z INF ICMP proxy will use 2402:1980:8968:f56b:1954:4c81:3d45:3e2b in zone Wi-Fi as source for IPv6
2026-09-15T03:21:12Z INF cloudflared does not support loading the system root certificate pool on Windows. Please use --origin-ca-pool <PATH> to specify the path to the certificate pool
2026-09-15T03:21:12Z INF ICMP proxy will use 10.49.211.220 as source for IPv4
2026-09-15T03:21:12Z INF Tunnel connection curve preferences: [X25519MLKEM768 CurveID(65074) CurveP256] connIndex=0 event=0 ip=2606:4700:a8::4
2026-09-15T03:21:12Z INF ICMP proxy will use 2402:1980:8968:f56b:1954:4c81:3d45:3e2b in zone Wi-Fi as source for IPv6
2026-09-15T03:21:12Z INF Starting metrics server on 127.0.0.1:20241/metrics
2026-09-15T03:21:12Z INF +-------------------------------------------------------------------------------------+
2026-09-15T03:21:12Z INF |                               CONNECTIVITY PRE-CHECKS                               |
2026-09-15T03:21:12Z INF +-------------------------------------------------------------------------------------+
2026-09-15T03:21:12Z INF |  COMPONENT         TARGET                     STATUS  DETAILS                       |
2026-09-15T03:21:12Z INF |  DNS Resolution    region1.v2.argotunnel.com  PASS    DNS Resolved successfully     |
2026-09-15T03:21:12Z INF |  DNS Resolution    region2.v2.argotunnel.com  PASS    DNS Resolved successfully     |
2026-09-15T03:21:12Z INF |  UDP Connectivity  region1.v2.argotunnel.com  PASS    QUIC connection successful    |
2026-09-15T03:21:12Z INF |  UDP Connectivity  region2.v2.argotunnel.com  PASS    QUIC connection successful    |
2026-09-15T03:21:12Z INF |  TCP Connectivity  region1.v2.argotunnel.com  PASS    HTTP/2 connection successful  |
2026-09-15T03:21:12Z INF |  TCP Connectivity  region2.v2.argotunnel.com  PASS    HTTP/2 connection successful  |
2026-09-15T03:21:12Z INF |  Cloudflare API    api.cloudflare.com:443     PASS    API is reachable              |
2026-09-15T03:21:12Z INF |                                                                                     |
2026-09-15T03:21:12Z INF |  SUMMARY: Environment is healthy. cloudflared will use 'quic' as primary protocol.  |
2026-09-15T03:21:12Z INF +-------------------------------------------------------------------------------------+
2026-09-15T03:21:12Z INF precheck component="DNS Resolution" details="DNS Resolved successfully" run_id=5d277de7-c766-4d3f-880d-e8798a9327f1 status=pass target=region1.v2.argotunnel.com
2026-09-15T03:21:12Z INF precheck component="DNS Resolution" details="DNS Resolved successfully" run_id=5d277de7-c766-4d3f-880d-e8798a9327f1 status=pass target=region2.v2.argotunnel.com
2026-09-15T03:21:12Z INF precheck component="UDP Connectivity" details="QUIC connection successful" run_id=5d277de7-c766-4d3f-880d-e8798a9327f1 status=pass target=region1.v2.argotunnel.com
2026-09-15T03:21:12Z INF precheck component="UDP Connectivity" details="QUIC connection successful" run_id=5d277de7-c766-4d3f-880d-e8798a9327f1 status=pass target=region2.v2.argotunnel.com
2026-09-15T03:21:12Z INF precheck component="TCP Connectivity" details="HTTP/2 connection successful" run_id=5d277de7-c766-4d3f-880d-e8798a9327f1 status=pass target=region1.v2.argotunnel.com
2026-09-15T03:21:12Z INF precheck component="TCP Connectivity" details="HTTP/2 connection successful" run_id=5d277de7-c766-4d3f-880d-e8798a9327f1 status=pass target=region2.v2.argotunnel.com
2026-09-15T03:21:12Z INF precheck component="Cloudflare API" details="API is reachable" run_id=5d277de7-c766-4d3f-880d-e8798a9327f1 status=pass target=api.cloudflare.com:443
2026-09-15T03:21:12Z INF precheck complete hard_fail=false run_id=5d277de7-c766-4d3f-880d-e8798a9327f1 suggested_protocol=quic
2026-09-15T03:21:12Z INF Registered tunnel connection connIndex=0 connection=08ee933e-873e-4cd9-bd58-3d234fc21e8a event=0 ip=2606:4700:a8::4 location=sin11 protocol=quic
